[33m[WARN] [1790509241.933814336]: Less than 5 x 1G of space free on disk with '~/.run_records/s2_loc_04/fusion.bag.active'.[0m
[33m[WARN] [1790509262.237893312]: Less than 5 x 1G of space free on disk with '~/.run_records/s2_loc_04/fusion.bag.active'.[0m
[33m[WARN] [1790509284.085739613]: Less than 5 x 1G of space free on disk with '~/.run_records/s2_loc_04/fusion.bag.active'.[0m
[33m[WARN] [1790509301.937995163]: Less than 5 x 1G of space free on disk with '~/.run_records/s2_loc_04/fusion.bag.active'.[0m
[33m[WARN] [1790509322.512040868]: Less than 5 x 1G of space free on disk with '~/.run_records/s2_loc_04/fusion.bag.active'.[0m
[33m[WARN] [1790509344.636761725]: Less than 5 x 1G of space free on disk with '~/.run_records/s2_loc_04/fusion.bag.active'.[0m
[33m[WARN] [1790509361.935777422]: Less than 5 x 1G of space free on disk with '~/.run_records/s2_loc_04/fusion.bag.active'.[0m
[33m[WARN] [1790509381.934399197]: Less than 5 x 1G of space free on disk with '~/.run_records/s2_loc_04/fusion.bag.active'.[0m
[33m[WARN] [1790509401.935772225]: Less than 5 x 1G of space free on disk with '~/.run_records/s2_loc_04/fusion.bag.active'.[0m
[33m[WARN] [1790509801.933302312]: Less than 5 x 1G of space free on disk with '~/.run_records/s2_loc_04/fusion.bag.active'.[0m
[33m[WARN] [1790509821.934904206]: Less than 5 x 1G of space free on disk with '~/.run_records/s2_loc_04/fusion.bag.active'.[0m
[33m[WARN] [1790509841.933518360]: Less than 5 x 1G of space free on disk with '~/.run_records/s2_loc_04/fusion.bag.active'.[0m
[33m[WARN] [1790509861.933656737]: Less than 5 x 1G of space free on disk with '~/.run_records/s2_loc_04/fusion.bag.active'.[0m
[33m[WARN] [1790509881.934585914]: Less than 5 x 1G of space free on disk with '~/.run_records/s2_loc_04/fusion.bag.active'.[0m
[33m[WARN] [1790509901.934536799]: Less than 5 x 1G of space free on disk with '~/.run_records/s2_loc_04/fusion.bag.active'.[0m
[33m[WARN] [1790509921.935623835]: Less than 5 x 1G of space free on disk with '~/.run_records/s2_loc_04/fusion.bag.active'.[0m
[33m[WARN] [1790509941.934559148]: Less than 5 x 1G of space free on disk with '~/.run_records/s2_loc_04/fusion.bag.active'.[0m
[33m[WARN] [1790509961.933271480]: Less than 5 x 1G of space free on disk with '~/.run_records/s2_loc_04/fusion.bag.active'.[0m
[33m[WARN] [1790509981.938117151]: Less than 5 x 1G of space free on disk with '~/.run_records/s2_loc_04/fusion.bag.active'.[0m
[33m[WARN] [1790510001.933397639]: Less than 5 x 1G of space free on disk with '~/.run_records/s2_loc_04/fusion.bag.active'.[0m
[33m[WARN] [1790510021.934770984]: Less than 5 x 1G of space free on disk with '~/.run_records/s2_loc_04/fusion.bag.active'.[0m
[33m[WARN] [1790510041.935833572]: Less than 5 x 1G of space free on disk with '~/.run_records/s2_loc_04/fusion.bag.active'.[0m
[33m[WARN] [1790510061.933666590]: Less than 5 x 1G of space free on disk with '~/.run_records/s2_loc_04/fusion.bag.active'.[0m
[33m[WARN] [1790510081.934055244]: Less than 5 x 1G of space free on disk with '~/.run_records/s2_loc_04/fusion.bag.active'.[0m
[33m[WARN] [1790510101.935841654]: Less than 5 x 1G of space free on disk with '~/.run_records/s2_loc_04/fusion.bag.active'.[0m
[33m[WARN] [1790510121.934652773]: Less than 5 x 1G of space free on disk with '~/.run_records/s2_loc_04/fusion.bag.active'.[0m
[33m[WARN] [1790510141.939629326]: Less than 5 x 1G of space free on disk with '~/.run_records/s2_loc_04/fusion.bag.active'.[0m
[33m[WARN] [1790510161.934905174]: Less than 5 x 1G of space free on disk with '~/.run_records/s2_loc_04/fusion.bag.active'.[0m
[33m[WARN] [1790510181.935338661]: Less than 5 x 1G of space free on disk with '~/.run_records/s2_loc_04/fusion.bag.active'.[0m
[33m[WARN] [1790510201.934478841]: Less than 5 x 1G of space free on disk with '~/.run_records/s2_loc_04/fusion.bag.active'.[0m
[33m[WARN] [1790510221.933341449]: Less than 5 x 1G of space free on disk with '~/.run_records/s2_loc_04/fusion.bag.active'.[0m
[33m[WARN] [1790510241.935764831]: Less than 5 x 1G of space free on disk with '~/.run_records/s2_loc_04/fusion.bag.active'.[0m
[33m[WARN] [1790510261.935746277]: Less than 5 x 1G of space free on disk with '~/.run_records/s2_loc_04/fusion.bag.active'.[0m
[33m[WARN] [1790510281.935483814]: Less than 5 x 1G of space free on disk with '~/.run_records/s2_loc_04/fusion.bag.active'.[0m
[33m[WARN] [1790510301.934084733]: Less than 5 x 1G of space free on disk with '~/.run_records/s2_loc_04/fusion.bag.active'.[0m
[33m[WARN] [1790510321.935709782]: Less than 5 x 1G of space free on disk with '~/.run_records/s2_loc_04/fusion.bag.active'.[0m
[33m[WARN] [1790510341.934913170]: Less than 5 x 1G of space free on disk with '~/.run_records/s2_loc_04/fusion.bag.active'.[0m
[33m[WARN] [1790510361.936399846]: Less than 5 x 1G of space free on disk with '~/.run_records/s2_loc_04/fusion.bag.active'.[0m
[33m[WARN] [1790510381.939921742]: Less than 5 x 1G of space free on disk with '~/.run_records/s2_loc_04/fusion.bag.active'.[0m
[33m[WARN] [1790510401.934946209]: Less than 5 x 1G of space free on disk with '~/.run_records/s2_loc_04/fusion.bag.active'.[0m
[33m[WARN] [1790510421.933509773]: Less than 5 x 1G of space free on disk with '~/.run_records/s2_loc_04/fusion.bag.active'.[0m
[33m[WARN] [1790510441.938120976]: Less than 5 x 1G of space free on disk with '~/.run_records/s2_loc_04/fusion.bag.active'.[0m
[33m[WARN] [1790510461.935086260]: Less than 5 x 1G of space free on disk with '~/.run_records/s2_loc_04/fusion.bag.active'.[0m
[33m[WARN] [1790510481.933607519]: Less than 5 x 1G of space free on disk with '~/.run_records/s2_loc_04/fusion.bag.active'.[0m
[33m[WARN] [1790510501.933665840]: Less than 5 x 1G of space free on disk with '~/.run_records/s2_loc_04/fusion.bag.active'.[0m
[33m[WARN] [1790510521.935057314]: Less than 5 x 1G of space free on disk with '~/.run_records/s2_loc_04/fusion.bag.active'.[0m
[33m[WARN] [1790510541.935151951]: Less than 5 x 1G of space free on disk with '~/.run_records/s2_loc_04/fusion.bag.active'.[0m
[33m[WARN] [1790510561.938126987]: Less than 5 x 1G of space free on disk with '~/.run_records/s2_loc_04/fusion.bag.active'.[0m
[33m[WARN] [1790510581.934960908]: Less than 5 x 1G of space free on disk with '~/.run_records/s2_loc_04/fusion.bag.active'.[0m
[33m[WARN] [1790510601.937792805]: Less than 5 x 1G of space free on disk with '~/.run_records/s2_loc_04/fusion.bag.active'.[0m
[33m[WARN] [1790510621.934487204]: Less than 5 x 1G of space free on disk with '~/.run_records/s2_loc_04/fusion.bag.active'.[0m
[33m[WARN] [1790510641.934902317]: Less than 5 x 1G of space free on disk with '~/.run_records/s2_loc_04/fusion.bag.active'.[0m
[33m[WARN] [1790510661.933274861]: Less than 5 x 1G of space free on disk with '~/.run_records/s2_loc_04/fusion.bag.active'.[0m
[33m[WARN] [1790510681.934747307]: Less than 5 x 1G of space free on disk with '~/.run_records/s2_loc_04/fusion.bag.active'.[0m
[33m[WARN] [1790510701.933562579]: Less than 5 x 1G of space free on disk with '~/.run_records/s2_loc_04/fusion.bag.active'.[0m
[33m[WARN] [1790510721.934195297]: Less than 5 x 1G of space free on disk with '~/.run_records/s2_loc_04/fusion.bag.active'.[0m
[33m[WARN] [1790510741.933966685]: Less than 5 x 1G of space free on disk with '~/.run_records/s2_loc_04/fusion.bag.active'.[0m
[33m[WARN] [1790510761.934116928]: Less than 5 x 1G of space free on disk with '~/.run_records/s2_loc_04/fusion.bag.active'.[0m
[33m[WARN] [1790510781.935708961]: Less than 5 x 1G of space free on disk with '~/.run_records/s2_loc_04/fusion.bag.active'.[0m
[33m[WARN] [1790510801.934525225]: Less than 5 x 1G of space free on disk with '~/.run_records/s2_loc_04/fusion.bag.active'.[0m
[33m[WARN] [1790510821.934448194]: Less than 5 x 1G of space free on disk with '~/.run_records/s2_loc_04/fusion.bag.active'.[0m
[33m[WARN] [1790510841.934086206]: Less than 5 x 1G of space free on disk with '~/.run_records/s2_loc_04/fusion.bag.active'.[0m
[33m[WARN] [1790510861.935548479]: Less than 5 x 1G of space free on disk with '~/.run_records/s2_loc_04/fusion.bag.active'.[0m
[0m[INFO] [1790509181.820382711]: Subscribing to /diagnostics[0m
[0m[INFO] [1790509181.825310778]: Subscribing to /ekf_in/imu[0m
[0m[INFO] [1790509181.833145654]: Subscribing to /ekf_in/vo_odom[0m
[0m[INFO] [1790509181.847686650]: Subscribing to /ekf_in/wheel_odom[0m
[0m[INFO] [1790509181.851361635]: Subscribing to /fused/odometry[0m
[0m[INFO] [1790509181.855209008]: Subscribing to /robot/ekf_odom[0m
[0m[INFO] [1790509181.858983164]: Subscribing to /robot/imu[0m
[0m[INFO] [1790509181.863433973]: Subscribing to /robot/imu_raw[0m
[0m[INFO] [1790509181.868100562]: Subscribing to /robot/wheel_odom[0m
[0m[INFO] [1790509181.874614677]: Subscribing to /robot_bridge/status[0m
[0m[INFO] [1790509181.879492918]: Subscribing to /rtabmap/info[0m
[0m[INFO] [1790509181.884786624]: Subscribing to /rtabmap/localization_pose[0m
[0m[INFO] [1790509181.889832069]: Subscribing to /rtabmap/odom[0m
[0m[INFO] [1790509181.895364916]: Subscribing to /rtabmap/odom_info_lite[0m
[0m[INFO] [1790509181.900047026]: Subscribing to /tf[0m
[0m[INFO] [1790509181.906768792]: Subscribing to /tf_static[0m
[0m[INFO] [1790509181.918296159]: Subscribing to /zedx_front/zed_node/imu/data[0m
[0m[INFO] [1790509181.922825914]: Subscribing to /zedx_front/zed_node/left/camera_info[0m
[0m[INFO] [1790509181.926903659]: Subscribing to /zedx_front/zed_node/right/camera_info[0m
[0m[INFO] [1790509181.933107752]: Recording to '~/.run_records/s2_loc_04/fusion.bag'.[0m
