EVENT 1790549449096597502 START nav_cmd_sender 2026-09-27c run s2_nav_03 robot <robot-usb-address>:8112 limits 0.30 m/s 0.40 rad/s
EVENT 1790549449098748423 GATE SHUT: pause file
EVENT 1790549449101280247 CONNECTED <robot-usb-address> receiver nav_cmd_recv 2026-09-27a limits [0.3, 0.4] button 7
EVENT 1790549449579341439 ROBOT: Jetson: pause file
EVENT 1790549628548909666 GATE SHUT: planner idle
EVENT 1790549628978531699 ROBOT: Jetson: planner idle
EVENT 1790549629387189941 NEW GOAL: waiting for its first route (leash 1.0 m)
EVENT 1790549629401762122 GATE OPEN
EVENT 1790549629529065761 ROBOT: moving
EVENT 1790549631129131767 ROBOT: deadman button released
EVENT 1790549646379413194 ROBOT: moving
EVENT 1790549703929122170 ROBOT: deadman button released
EVENT 1790549704599304653 GATE SHUT: planner idle
EVENT 1790549705028928895 ROBOT: Jetson: planner idle
EVENT 1790549714332185003 NEW GOAL: waiting for its first route (leash 1.0 m)
EVENT 1790549714351596989 GATE OPEN
EVENT 1790549714528691240 ROBOT: moving
EVENT 1790549715579232611 ROBOT: deadman button released
EVENT 1790549716079254575 ROBOT: moving
EVENT 1790549779849285783 GATE SHUT: planner idle
EVENT 1790549779978756631 ROBOT: Jetson: planner idle
EVENT 1790549789587879202 NEW GOAL: waiting for its first route (leash 1.0 m)
EVENT 1790549789601695785 GATE OPEN
EVENT 1790549789928683928 ROBOT: moving
EVENT 1790549810099113752 GATE SHUT: planner idle
EVENT 1790549810528652840 ROBOT: Jetson: planner idle
EVENT 1790549819836746929 NEW GOAL: waiting for its first route (leash 1.0 m)
EVENT 1790549819851836880 GATE OPEN
EVENT 1790549820128193180 ROBOT: moving
EVENT 1790549823849109024 GATE SHUT: planner idle
EVENT 1790549823878195786 ROBOT: Jetson: planner idle
EVENT 1790549833584587183 NEW GOAL: waiting for its first route (leash 1.0 m)
EVENT 1790549833603098096 GATE OPEN
EVENT 1790549833828503858 ROBOT: moving
EVENT 1790549837599123816 GATE SHUT: planner idle
EVENT 1790549837998694685 GATE SHUT: pause file
EVENT 1790549838028513653 ROBOT: Jetson: pause file
EVENT 1790549883977617034 ROBOT: link silent 0.53 s
EVENT 1790549884527520013 ROBOT: link silent 1.08 s
EVENT 1790549885028048323 ROBOT: Jetson: pause file
EVENT 1790549919150352525 GATE SHUT: planner idle
EVENT 1790549919227592044 ROBOT: Jetson: planner idle
EVENT 1790549920134829855 NEW GOAL: waiting for its first route (leash 1.0 m)
EVENT 1790549920152451438 GATE OPEN
EVENT 1790549920228238001 ROBOT: moving
EVENT 1790549924149813664 GATE SHUT: planner idle
EVENT 1790549924427794731 ROBOT: Jetson: planner idle
EVENT 1790549930499459029 GATE SHUT: pause file
EVENT 1790549930777654820 ROBOT: Jetson: pause file
EVENT 1790549933884420671 NEW GOAL: waiting for its first route (leash 1.0 m)
EVENT 1790550023599931651 GATE SHUT: planner idle
EVENT 1790550024077692851 ROBOT: Jetson: planner idle
EVENT 1790550025052360235 GATE OPEN
EVENT 1790550025177954055 ROBOT: moving
EVENT 1790550041250054769 GATE SHUT: planner idle
EVENT 1790550041578145299 ROBOT: Jetson: planner idle
EVENT 1790550041799457225 GATE SHUT: pause file
EVENT 1790550042127880371 ROBOT: Jetson: pause file
EVENT 1790550052049815467 GATE SHUT: planner idle
EVENT 1790550052277858983 ROBOT: Jetson: planner idle
EVENT 1790550052914031997 NEW GOAL: waiting for its first route (leash 1.0 m)
EVENT 1790550052952372943 GATE OPEN
EVENT 1790550053328204043 ROBOT: moving
EVENT 1790550087078387189 ROBOT: deadman button released
EVENT 1790550087578299528 ROBOT: moving
EVENT 1790550090049941011 GATE SHUT: planner idle
EVENT 1790550090179100871 ROBOT: Jetson: planner idle
EVENT 1790550099760145281 NEW GOAL: waiting for its first route (leash 1.0 m)
EVENT 1790550099802572312 GATE OPEN
EVENT 1790550100278091377 ROBOT: moving
EVENT 1790550105978522887 ROBOT: deadman button released
EVENT 1790550107028049047 ROBOT: moving
EVENT 1790550108630417044 ROBOT: deadman button released
EVENT 1790550109178152739 ROBOT: moving
EVENT 1790550110827933874 ROBOT: deadman button released
EVENT 1790550111377755796 ROBOT: moving
EVENT 1790550114040682033 ROBOT: deadman button released
EVENT 1790550115127840641 ROBOT: moving
EVENT 1790550117227762487 ROBOT: deadman button released
EVENT 1790550134778578769 ROBOT: moving
EVENT 1790550135328078956 ROBOT: deadman button released
EVENT 1790550135828337735 ROBOT: moving
EVENT 1790550136878082364 ROBOT: deadman button released
EVENT 1790550137427858045 ROBOT: moving
EVENT 1790550193299883160 GATE SHUT: planner idle
EVENT 1790550193528257533 ROBOT: Jetson: planner idle
EVENT 1790550199699493524 GATE SHUT: pause file
EVENT 1790550199778202129 ROBOT: Jetson: pause file
EVENT 1790550253696460080 SHUTDOWN go 6400 stop 9666
EVENT 1790550254077665706 ROBOT: Jetson: shutdown
