  /media/administrator/USB Drive/slam_series2/s2_static_03/rtab_helios.db: 645 nodes, 217 loop closures
    PASS  corrected positions saved (Admin.opt_poses)    28618 bytes
    PASS  visual dictionary saved (Word table)           not expected in a LiDAR map
    PASS  neighbour links stored both ways               644 forward, 644 back (645 nodes in the saved graph)
  CLOSED PROPERLY - safe to power off.
{
  "source_database": "/media/administrator/USB Drive/slam_series2/s2_static_03/rtab_helios.db",
  "pose_kind": "corrected",
  "label": "LiDAR (Helios), s2_static_03",
  "loop_closures": 217,
  "tool": "tools/db/db_corrected_tum.py",
  "method": "Admin.opt_poses - RTAB-Map's own saved optimisation, full 3D",
  "exact": true,
  "poses": 645,
  "first_node": 1,
  "last_node": 1341,
  "end_gap_corrected_m": 0.046
}
  /odometry/filtered -> /media/administrator/USB Drive/slam_series2/s2_static_03/wheel.tum
  88202 poses, 1764.0 s
{
  "database": "/media/administrator/USB Drive/slam_series2/s2_static_03/rtab_helios.db",
  "positions": "corrected",
  "positions_source": "corrected (after loop closures) - lidar.tum",
  "graph_nodes_corrected": 645,
  "nodes": 645,
  "nodes_with_grids": 645,
  "duration_s": 1363.5,
  "path_m_nodes": 141.8,
  "closed_loop_gap_m": 0.029,
  "cells_solid": 50033,
  "cells_free": 0,
  "cell_size_m": 0.05,
  "map_width_m": 40.2,
  "map_height_m": 48.5
}
