Opening database "~/results_packs_work/s2_static_06/d6.db"...
Opening database "~/results_packs_work/s2_static_06/d6.db"... done (0.000326s).
Optimizing the map (Full global optimization)...
Optimizing the map (Full global optimization)... done (0.044635s, poses=830, links=1793).
Create and assemble the clouds...
Processed 9/830 (1%) nodes...
Processed 17/830 (2%) nodes...
Processed 25/830 (3%) nodes...
Processed 34/830 (4%) nodes...
Processed 42/830 (5%) nodes...
Processed 50/830 (6%) nodes...
Processed 59/830 (7%) nodes...
Processed 67/830 (8%) nodes...
Processed 75/830 (9%) nodes...
Processed 83/830 (10%) nodes...
Processed 92/830 (11%) nodes...
Processed 100/830 (12%) nodes...
Processed 108/830 (13%) nodes...
Processed 117/830 (14%) nodes...
Processed 125/830 (15%) nodes...
Processed 133/830 (16%) nodes...
Processed 142/830 (17%) nodes...
Processed 150/830 (18%) nodes...
Processed 158/830 (19%) nodes...
Processed 166/830 (20%) nodes...
Processed 175/830 (21%) nodes...
Processed 183/830 (22%) nodes...
Processed 191/830 (23%) nodes...
Processed 200/830 (24%) nodes...
Processed 208/830 (25%) nodes...
Processed 216/830 (26%) nodes...
Processed 225/830 (27%) nodes...
Processed 233/830 (28%) nodes...
Processed 241/830 (29%) nodes...
Processed 249/830 (30%) nodes...
Processed 258/830 (31%) nodes...
Processed 266/830 (32%) nodes...
Processed 274/830 (33%) nodes...
Processed 283/830 (34%) nodes...
Processed 291/830 (35%) nodes...
Processed 299/830 (36%) nodes...
Processed 308/830 (37%) nodes...
Processed 316/830 (38%) nodes...
Processed 324/830 (39%) nodes...
Processed 332/830 (40%) nodes...
Processed 341/830 (41%) nodes...
Processed 349/830 (42%) nodes...
Processed 357/830 (43%) nodes...
Processed 366/830 (44%) nodes...
Processed 374/830 (45%) nodes...
Processed 382/830 (46%) nodes...
Processed 391/830 (47%) nodes...
Processed 399/830 (48%) nodes...
Processed 407/830 (49%) nodes...
Processed 415/830 (50%) nodes...
Processed 424/830 (51%) nodes...
Processed 432/830 (52%) nodes...
Processed 440/830 (53%) nodes...
Processed 449/830 (54%) nodes...
Processed 457/830 (55%) nodes...
Processed 465/830 (56%) nodes...
Processed 474/830 (57%) nodes...
Processed 482/830 (58%) nodes...
Processed 490/830 (59%) nodes...
Processed 498/830 (60%) nodes...
Processed 507/830 (61%) nodes...
Processed 515/830 (62%) nodes...
Processed 523/830 (63%) nodes...
Processed 532/830 (64%) nodes...
Processed 540/830 (65%) nodes...
Processed 548/830 (66%) nodes...
Processed 557/830 (67%) nodes...
Processed 565/830 (68%) nodes...
Processed 573/830 (69%) nodes...
Processed 581/830 (70%) nodes...
Processed 590/830 (71%) nodes...
Processed 598/830 (72%) nodes...
Processed 606/830 (73%) nodes...
Processed 615/830 (74%) nodes...
Processed 623/830 (75%) nodes...
Processed 631/830 (76%) nodes...
Processed 640/830 (77%) nodes...
Processed 648/830 (78%) nodes...
Processed 656/830 (79%) nodes...
Processed 664/830 (80%) nodes...
Processed 673/830 (81%) nodes...
Processed 681/830 (82%) nodes...
Processed 689/830 (83%) nodes...
Processed 698/830 (84%) nodes...
Processed 706/830 (85%) nodes...
Processed 714/830 (86%) nodes...
Processed 723/830 (87%) nodes...
Processed 731/830 (88%) nodes...
Processed 739/830 (89%) nodes...
Processed 747/830 (90%) nodes...
Processed 756/830 (91%) nodes...
Processed 764/830 (92%) nodes...
Processed 772/830 (93%) nodes...
Processed 781/830 (94%) nodes...
Processed 789/830 (95%) nodes...
Processed 797/830 (96%) nodes...
Processed 806/830 (97%) nodes...
Processed 814/830 (98%) nodes...
Processed 822/830 (99%) nodes...
Processed 830/830 (100%) nodes...
Create and assemble the clouds... done (30.665313s, 18019930 points).
Voxel grid filtering of the assembled cloud... (voxel=0.030000, 18019930 points)
Voxel grid filtering of the assembled cloud.... done! (1.932408s, 4835503 points)
Computing normals of the assembled cloud... (k=20, 4835503 points)
Computing normals of the assembled cloud... done! (3.466893s, 4835503 points)
Adjust normals to viewpoints of the assembled cloud... (4835503 points)
Adjust normals to viewpoints of the assembled cloud... (8.002555s, 4835503 points)
Saving ~/results_packs_work/s2_static_06/d6_cloud_cloud.ply... (4835503 points)
Saving ~/results_packs_work/s2_static_06/d6_cloud_cloud.ply... done!
