  ~/lidar_replays/s2_slam_01/lidar_ref_f3dof/rtab_helios.db: 699 nodes, 62 loop closures
    PASS  corrected positions saved (Admin.opt_poses)    14502 bytes
    PASS  visual dictionary saved (Word table)           not expected in a LiDAR map
    PASS  neighbour links stored both ways               698 forward, 698 back (699 nodes in the saved graph)
  CLOSED PROPERLY - safe to power off.
{
  "source_database": "~/lidar_replays/s2_slam_01/lidar_ref_f3dof/rtab_helios.db",
  "pose_kind": "corrected",
  "label": "LiDAR (Helios), s2_slam_01 (Jetson replay, f3dof)",
  "loop_closures": 62,
  "tool": "tools/db/db_corrected_tum.py",
  "method": "Admin.opt_poses - RTAB-Map's own saved optimisation, full 3D",
  "exact": true,
  "poses": 699,
  "first_node": 1,
  "last_node": 1532,
  "end_gap_corrected_m": 0.5204
}
  /odometry/filtered -> ~/lidar_replays/s2_slam_01/lidar_ref_f3dof/wheel.tum
  90284 poses, 1805.7 s
{
  "database": "~/lidar_replays/s2_slam_01/lidar_ref_f3dof/rtab_helios.db",
  "positions": "corrected",
  "positions_source": "corrected (after loop closures) - lidar.tum",
  "graph_nodes_corrected": 699,
  "nodes": 699,
  "nodes_with_grids": 699,
  "duration_s": 1621.1,
  "path_m_nodes": 164.7,
  "closed_loop_gap_m": 0.52,
  "cells_solid": 117504,
  "cells_free": 0,
  "cell_size_m": 0.05,
  "map_width_m": 66.6,
  "map_height_m": 70.7
}
  571 parameters written to ~/lidar_replays/s2_slam_01/lidar_ref_f3dof/rtabmap_params_db.txt (from 2 Info rows)
