Opening database "~/jobs/d9_export/d9.db"...
Opening database "~/jobs/d9_export/d9.db"... done (0.000343s).
Optimizing the map (Full global optimization)...
Optimizing the map (Full global optimization)... done (0.042933s, poses=892, links=2084).
Create and assemble the clouds...
Processed 9/892 (1%) nodes...
Processed 18/892 (2%) nodes...
Processed 27/892 (3%) nodes...
Processed 36/892 (4%) nodes...
Processed 45/892 (5%) nodes...
Processed 54/892 (6%) nodes...
Processed 63/892 (7%) nodes...
Processed 72/892 (8%) nodes...
Processed 81/892 (9%) nodes...
Processed 90/892 (10%) nodes...
Processed 99/892 (11%) nodes...
Processed 108/892 (12%) nodes...
Processed 116/892 (13%) nodes...
Processed 125/892 (14%) nodes...
Processed 134/892 (15%) nodes...
Processed 143/892 (16%) nodes...
Processed 152/892 (17%) nodes...
Processed 161/892 (18%) nodes...
Processed 170/892 (19%) nodes...
Processed 179/892 (20%) nodes...
Processed 188/892 (21%) nodes...
Processed 197/892 (22%) nodes...
Processed 206/892 (23%) nodes...
Processed 215/892 (24%) nodes...
Processed 223/892 (25%) nodes...
Processed 232/892 (26%) nodes...
Processed 241/892 (27%) nodes...
Processed 250/892 (28%) nodes...
Processed 259/892 (29%) nodes...
Processed 268/892 (30%) nodes...
Processed 277/892 (31%) nodes...
Processed 286/892 (32%) nodes...
Processed 295/892 (33%) nodes...
Processed 304/892 (34%) nodes...
Processed 313/892 (35%) nodes...
Processed 322/892 (36%) nodes...
Processed 331/892 (37%) nodes...
Processed 339/892 (38%) nodes...
Processed 348/892 (39%) nodes...
Processed 357/892 (40%) nodes...
Processed 366/892 (41%) nodes...
Processed 375/892 (42%) nodes...
Processed 384/892 (43%) nodes...
Processed 393/892 (44%) nodes...
Processed 402/892 (45%) nodes...
Processed 411/892 (46%) nodes...
Processed 420/892 (47%) nodes...
Processed 429/892 (48%) nodes...
Processed 438/892 (49%) nodes...
Processed 446/892 (50%) nodes...
Processed 455/892 (51%) nodes...
Processed 464/892 (52%) nodes...
Processed 473/892 (53%) nodes...
Processed 482/892 (54%) nodes...
Processed 491/892 (55%) nodes...
Processed 500/892 (56%) nodes...
Processed 509/892 (57%) nodes...
Processed 518/892 (58%) nodes...
Processed 527/892 (59%) nodes...
Processed 536/892 (60%) nodes...
Processed 545/892 (61%) nodes...
Processed 554/892 (62%) nodes...
Processed 562/892 (63%) nodes...
Processed 571/892 (64%) nodes...
Processed 580/892 (65%) nodes...
Processed 589/892 (66%) nodes...
Processed 598/892 (67%) nodes...
Processed 607/892 (68%) nodes...
Processed 616/892 (69%) nodes...
Processed 625/892 (70%) nodes...
Processed 634/892 (71%) nodes...
Processed 643/892 (72%) nodes...
Processed 652/892 (73%) nodes...
Processed 661/892 (74%) nodes...
Processed 669/892 (75%) nodes...
Processed 678/892 (76%) nodes...
Processed 687/892 (77%) nodes...
Processed 696/892 (78%) nodes...
Processed 705/892 (79%) nodes...
Processed 714/892 (80%) nodes...
Processed 723/892 (81%) nodes...
Processed 732/892 (82%) nodes...
Processed 741/892 (83%) nodes...
Processed 750/892 (84%) nodes...
Processed 759/892 (85%) nodes...
Processed 768/892 (86%) nodes...
Processed 777/892 (87%) nodes...
Processed 785/892 (88%) nodes...
Processed 794/892 (89%) nodes...
Processed 803/892 (90%) nodes...
Processed 812/892 (91%) nodes...
Processed 821/892 (92%) nodes...
Processed 830/892 (93%) nodes...
Processed 839/892 (94%) nodes...
Processed 848/892 (95%) nodes...
Processed 857/892 (96%) nodes...
Processed 866/892 (97%) nodes...
Processed 875/892 (98%) nodes...
Processed 884/892 (99%) nodes...
Processed 892/892 (100%) nodes...
Create and assemble the clouds... done (32.707615s, 19179081 points).
892 poses exported to "~/jobs/d9_export/d9_poses.txt". (min=[-8.063829,-15.809587,0.000000] max=[10.101296,0.484133,0.000000])
Voxel grid filtering of the assembled cloud... (voxel=0.030000, 19179081 points)
Voxel grid filtering of the assembled cloud.... done! (6.097313s, 3565858 points)
Computing normals of the assembled cloud... (k=20, 3565858 points)
Computing normals of the assembled cloud... done! (2.658039s, 3565858 points)
Adjust normals to viewpoints of the assembled cloud... (3565858 points)
Adjust normals to viewpoints of the assembled cloud... (9.738986s, 3565858 points)
Saving ~/jobs/d9_export/d9_cloud.ply... (3565858 points)
Saving ~/jobs/d9_export/d9_cloud.ply... done!
export rc=0
