  /media/administrator/USB Drive/slam_series2/s2_static_08/rtab_helios.db: 543 nodes, 18 loop closures
    PASS  corrected positions saved (Admin.opt_poses)    24298 bytes
    PASS  visual dictionary saved (Word table)           not expected in a LiDAR map
    PASS  neighbour links stored both ways               542 forward, 542 back (543 nodes in the saved graph)
  CLOSED PROPERLY - safe to power off.
{
  "source_database": "/media/administrator/USB Drive/slam_series2/s2_static_08/rtab_helios.db",
  "pose_kind": "corrected",
  "label": "LiDAR (Helios), s2_static_08",
  "loop_closures": 18,
  "tool": "tools/db/db_corrected_tum.py",
  "method": "Admin.opt_poses - RTAB-Map's own saved optimisation, full 3D",
  "exact": true,
  "poses": 543,
  "first_node": 1,
  "last_node": 809,
  "end_gap_corrected_m": 8.7462
}
  /odometry/filtered -> /media/administrator/USB Drive/slam_series2/s2_static_08/wheel.tum
  46399 poses, 928.0 s
{
  "database": "/media/administrator/USB Drive/slam_series2/s2_static_08/rtab_helios.db",
  "positions": "corrected",
  "positions_source": "corrected (after loop closures) - lidar.tum",
  "graph_nodes_corrected": 543,
  "nodes": 543,
  "nodes_with_grids": 543,
  "duration_s": 853.0,
  "path_m_nodes": 82.53,
  "closed_loop_gap_m": 4.727,
  "cells_solid": 88318,
  "cells_free": 0,
  "cell_size_m": 0.05,
  "map_width_m": 33.8,
  "map_height_m": 47.2
}
