  /media/administrator/USB Drive/slam_series2/s2_loc_02/rtab_helios.db: 254 nodes, 1 loop closures
    PASS  corrected positions saved (Admin.opt_poses)    11290 bytes
    PASS  visual dictionary saved (Word table)           not expected in a LiDAR map
    PASS  neighbour links stored both ways               253 forward, 253 back (254 nodes in the saved graph)
  CLOSED PROPERLY - safe to power off.
{
  "source_database": "/media/administrator/USB Drive/slam_series2/s2_loc_02/rtab_helios.db",
  "pose_kind": "corrected",
  "label": "LiDAR (Helios), s2_loc_02",
  "loop_closures": 1,
  "tool": "tools/db/db_corrected_tum.py",
  "method": "Admin.opt_poses - RTAB-Map's own saved optimisation, full 3D",
  "exact": true,
  "poses": 254,
  "first_node": 1,
  "last_node": 1087,
  "end_gap_corrected_m": 0.1792
}
  /odometry/filtered -> /media/administrator/USB Drive/slam_series2/s2_loc_02/wheel.tum
  60467 poses, 1209.3 s
{
  "database": "/media/administrator/USB Drive/slam_series2/s2_loc_02/rtab_helios.db",
  "positions": "corrected",
  "positions_source": "corrected (after loop closures) - lidar.tum",
  "graph_nodes_corrected": 254,
  "nodes": 254,
  "nodes_with_grids": 254,
  "duration_s": 1102.7,
  "path_m_nodes": 32.52,
  "closed_loop_gap_m": 0.148,
  "cells_solid": 27470,
  "cells_free": 0,
  "cell_size_m": 0.05,
  "map_width_m": 35.5,
  "map_height_m": 26.6
}
