Opening database "~/jobs/d10_export/d10.db"...
Opening database "~/jobs/d10_export/d10.db"... done (0.000360s).
Loading optimized poses from database...
Loading optimized poses from database... done (860 optimized poses loaded).
Create and assemble the clouds...
Processed 9/860 (1%) nodes...
Processed 18/860 (2%) nodes...
Processed 26/860 (3%) nodes...
Processed 35/860 (4%) nodes...
Processed 43/860 (5%) nodes...
Processed 52/860 (6%) nodes...
Processed 61/860 (7%) nodes...
Processed 69/860 (8%) nodes...
Processed 78/860 (9%) nodes...
Processed 86/860 (10%) nodes...
Processed 95/860 (11%) nodes...
Processed 104/860 (12%) nodes...
Processed 112/860 (13%) nodes...
Processed 121/860 (14%) nodes...
Processed 129/860 (15%) nodes...
Processed 138/860 (16%) nodes...
Processed 147/860 (17%) nodes...
Processed 155/860 (18%) nodes...
Processed 164/860 (19%) nodes...
Processed 172/860 (20%) nodes...
Processed 181/860 (21%) nodes...
Processed 190/860 (22%) nodes...
Processed 198/860 (23%) nodes...
Processed 207/860 (24%) nodes...
Processed 215/860 (25%) nodes...
Processed 224/860 (26%) nodes...
Processed 233/860 (27%) nodes...
Processed 241/860 (28%) nodes...
Processed 250/860 (29%) nodes...
Processed 258/860 (30%) nodes...
Processed 267/860 (31%) nodes...
Processed 276/860 (32%) nodes...
Processed 284/860 (33%) nodes...
Processed 293/860 (34%) nodes...
Processed 301/860 (35%) nodes...
Processed 310/860 (36%) nodes...
Processed 319/860 (37%) nodes...
Processed 327/860 (38%) nodes...
Processed 336/860 (39%) nodes...
Processed 344/860 (40%) nodes...
Processed 353/860 (41%) nodes...
Processed 362/860 (42%) nodes...
Processed 370/860 (43%) nodes...
Processed 379/860 (44%) nodes...
Processed 387/860 (45%) nodes...
Processed 396/860 (46%) nodes...
Processed 405/860 (47%) nodes...
Processed 413/860 (48%) nodes...
Processed 422/860 (49%) nodes...
Processed 430/860 (50%) nodes...
Processed 439/860 (51%) nodes...
Processed 448/860 (52%) nodes...
Processed 456/860 (53%) nodes...
Processed 465/860 (54%) nodes...
Processed 473/860 (55%) nodes...
Processed 482/860 (56%) nodes...
Processed 491/860 (57%) nodes...
Processed 499/860 (58%) nodes...
Processed 508/860 (59%) nodes...
Processed 516/860 (60%) nodes...
Processed 525/860 (61%) nodes...
Processed 534/860 (62%) nodes...
Processed 542/860 (63%) nodes...
Processed 551/860 (64%) nodes...
Processed 559/860 (65%) nodes...
Processed 568/860 (66%) nodes...
Processed 577/860 (67%) nodes...
Processed 585/860 (68%) nodes...
Processed 594/860 (69%) nodes...
Processed 602/860 (70%) nodes...
Processed 611/860 (71%) nodes...
Processed 620/860 (72%) nodes...
Processed 628/860 (73%) nodes...
Processed 637/860 (74%) nodes...
Processed 645/860 (75%) nodes...
Processed 654/860 (76%) nodes...
Processed 663/860 (77%) nodes...
Processed 671/860 (78%) nodes...
Processed 680/860 (79%) nodes...
Processed 688/860 (80%) nodes...
Processed 697/860 (81%) nodes...
Processed 706/860 (82%) nodes...
Processed 714/860 (83%) nodes...
Processed 723/860 (84%) nodes...
Processed 731/860 (85%) nodes...
Processed 740/860 (86%) nodes...
Processed 749/860 (87%) nodes...
Processed 757/860 (88%) nodes...
Processed 766/860 (89%) nodes...
Processed 774/860 (90%) nodes...
Processed 783/860 (91%) nodes...
Processed 792/860 (92%) nodes...
Processed 800/860 (93%) nodes...
Processed 809/860 (94%) nodes...
Processed 817/860 (95%) nodes...
Processed 826/860 (96%) nodes...
Processed 835/860 (97%) nodes...
Processed 843/860 (98%) nodes...
Processed 852/860 (99%) nodes...
Processed 860/860 (100%) nodes...
Create and assemble the clouds... done (34.200811s, 18912279 points).
860 poses exported to "~/jobs/d10_export/d10_poses.txt". (min=[-0.189654,-15.032583,0.000000] max=[15.035725,9.864541,0.000000])
Voxel grid filtering of the assembled cloud... (voxel=0.030000, 18912279 points)
Voxel grid filtering of the assembled cloud.... done! (2.086597s, 4517220 points)
Computing normals of the assembled cloud... (k=20, 4517220 points)
Computing normals of the assembled cloud... done! (3.980330s, 4517220 points)
Adjust normals to viewpoints of the assembled cloud... (4517220 points)
Adjust normals to viewpoints of the assembled cloud... (9.423575s, 4517220 points)
Saving ~/jobs/d10_export/d10_cloud.ply... (4517220 points)
Saving ~/jobs/d10_export/d10_cloud.ply... done!
