Opening database "~/results_packs_work/s2_static_07/d7.db"...
Opening database "~/results_packs_work/s2_static_07/d7.db"... done (0.000322s).
Optimizing the map (Full global optimization)...
Optimizing the map (Full global optimization)... done (0.041702s, poses=582, links=1192).
Create and assemble the clouds...
Processed 6/582 (1%) nodes...
Processed 12/582 (2%) nodes...
Processed 18/582 (3%) nodes...
Processed 24/582 (4%) nodes...
Processed 30/582 (5%) nodes...
Processed 35/582 (6%) nodes...
Processed 41/582 (7%) nodes...
Processed 47/582 (8%) nodes...
Processed 53/582 (9%) nodes...
Processed 59/582 (10%) nodes...
Processed 65/582 (11%) nodes...
Processed 70/582 (12%) nodes...
Processed 76/582 (13%) nodes...
Processed 82/582 (14%) nodes...
Processed 88/582 (15%) nodes...
Processed 94/582 (16%) nodes...
Processed 99/582 (17%) nodes...
Processed 105/582 (18%) nodes...
Processed 111/582 (19%) nodes...
Processed 117/582 (20%) nodes...
Processed 123/582 (21%) nodes...
Processed 129/582 (22%) nodes...
Processed 134/582 (23%) nodes...
Processed 140/582 (24%) nodes...
Processed 146/582 (25%) nodes...
Processed 152/582 (26%) nodes...
Processed 158/582 (27%) nodes...
Processed 163/582 (28%) nodes...
Processed 169/582 (29%) nodes...
Processed 175/582 (30%) nodes...
Processed 181/582 (31%) nodes...
Processed 187/582 (32%) nodes...
Processed 193/582 (33%) nodes...
Processed 198/582 (34%) nodes...
Processed 204/582 (35%) nodes...
Processed 210/582 (36%) nodes...
Processed 216/582 (37%) nodes...
Processed 222/582 (38%) nodes...
Processed 227/582 (39%) nodes...
Processed 233/582 (40%) nodes...
Processed 239/582 (41%) nodes...
Processed 245/582 (42%) nodes...
Processed 251/582 (43%) nodes...
Processed 257/582 (44%) nodes...
Processed 262/582 (45%) nodes...
Processed 268/582 (46%) nodes...
Processed 274/582 (47%) nodes...
Processed 280/582 (48%) nodes...
Processed 286/582 (49%) nodes...
Processed 291/582 (50%) nodes...
Processed 297/582 (51%) nodes...
Processed 303/582 (52%) nodes...
Processed 309/582 (53%) nodes...
Processed 315/582 (54%) nodes...
Processed 321/582 (55%) nodes...
Processed 326/582 (56%) nodes...
Processed 332/582 (57%) nodes...
Processed 338/582 (58%) nodes...
Processed 344/582 (59%) nodes...
Processed 350/582 (60%) nodes...
Processed 356/582 (61%) nodes...
Processed 361/582 (62%) nodes...
Processed 367/582 (63%) nodes...
Processed 373/582 (64%) nodes...
Processed 379/582 (65%) nodes...
Processed 385/582 (66%) nodes...
Processed 390/582 (67%) nodes...
Processed 396/582 (68%) nodes...
Processed 402/582 (69%) nodes...
Processed 408/582 (70%) nodes...
Processed 414/582 (71%) nodes...
Processed 420/582 (72%) nodes...
Processed 425/582 (73%) nodes...
Processed 431/582 (74%) nodes...
Processed 437/582 (75%) nodes...
Processed 443/582 (76%) nodes...
Processed 449/582 (77%) nodes...
Processed 454/582 (78%) nodes...
Processed 460/582 (79%) nodes...
Processed 466/582 (80%) nodes...
Processed 472/582 (81%) nodes...
Processed 478/582 (82%) nodes...
Processed 484/582 (83%) nodes...
Processed 489/582 (84%) nodes...
Processed 495/582 (85%) nodes...
Processed 501/582 (86%) nodes...
Processed 507/582 (87%) nodes...
Processed 513/582 (88%) nodes...
Processed 518/582 (89%) nodes...
Processed 524/582 (90%) nodes...
Processed 530/582 (91%) nodes...
Processed 536/582 (92%) nodes...
Processed 542/582 (93%) nodes...
Processed 548/582 (94%) nodes...
Processed 553/582 (95%) nodes...
Processed 559/582 (96%) nodes...
Processed 565/582 (97%) nodes...
Processed 571/582 (98%) nodes...
Processed 577/582 (99%) nodes...
Processed 582/582 (100%) nodes...
Create and assemble the clouds... done (23.152751s, 12356422 points).
Voxel grid filtering of the assembled cloud... (voxel=0.030000, 12356422 points)
Voxel grid filtering of the assembled cloud.... done! (1.345855s, 2439583 points)
Computing normals of the assembled cloud... (k=20, 2439583 points)
Computing normals of the assembled cloud... done! (2.037452s, 2439583 points)
Adjust normals to viewpoints of the assembled cloud... (2439583 points)
Adjust normals to viewpoints of the assembled cloud... (6.209128s, 2439583 points)
Saving ~/results_packs_work/s2_static_07/d7_cloud_cloud.ply... (2439583 points)
Saving ~/results_packs_work/s2_static_07/d7_cloud_cloud.ply... done!
