00:52:25 WATCH START (replayed after the drive from fusion.bag by turns_replay.py)
00:54:35 TURN 1 RIGHT started (driven 0.3 m)
00:54:43 TURN 1 RIGHT ended after 6.8 s: blend -89.8 deg, robot -89.8 deg, camera -92.2 deg (camera lost 12% of it); blend - robot +0.0 deg
00:55:57 TURN 2 RIGHT started (driven 14.6 m)
00:55:58 TURN 2 RIGHT ended after 0.3 s: blend -0.1 deg, robot -0.1 deg, camera -2.4 deg (camera lost 0% of it); blend - robot -0.0 deg
00:56:07 TURN 3 LEFT started (driven 15.9 m) - camera LOST
00:56:13 TURN 3 LEFT ended after 5.0 s: blend +81.8 deg, robot +81.8 deg, camera +92.8 deg (camera lost 18% of it); blend - robot +0.0 deg
00:56:18 TURN 4 LEFT started (driven 15.9 m)
00:56:23 TURN 4 LEFT ended after 4.6 s: blend +89.2 deg, robot +89.2 deg, camera +91.9 deg (camera lost 0% of it); blend - robot +0.0 deg
00:56:27 TURN 5 LEFT started (driven 15.9 m)
00:56:33 TURN 5 LEFT ended after 4.7 s: blend +86.1 deg, robot +86.5 deg, camera +91.7 deg (camera lost 0% of it); blend - robot -0.4 deg
00:56:38 TURN 6 LEFT started (driven 16.0 m)
00:56:44 TURN 6 LEFT ended after 5.1 s: blend +74.2 deg, robot +74.1 deg, camera +41.9 deg (camera lost 55% of it); blend - robot +0.1 deg
00:56:46 DIRECTION CHANGE #1: now BACKWARD (driven 16.0 m)
00:57:46 TURN 7 LEFT started (driven 30.9 m)
00:57:54 TURN 7 LEFT ended after 7.3 s: blend +86.5 deg, robot +86.4 deg, camera +88.0 deg (camera lost 9% of it); blend - robot +0.0 deg
00:57:58 DIRECTION CHANGE #2: now FORWARD (driven 31.8 m)
00:58:21 TURN 8 RIGHT started (driven 35.4 m)
00:58:22 TURN 8 RIGHT ended after 0.3 s: blend -0.9 deg, robot -0.6 deg, camera -2.4 deg (camera lost 0% of it); blend - robot -0.3 deg
00:58:51 TURN 9 LEFT started (driven 41.1 m)
00:58:57 TURN 9 LEFT ended after 5.7 s: blend +90.4 deg, robot +89.9 deg, camera +45.0 deg (camera lost 52% of it); blend - robot +0.5 deg
00:58:58 DIRECTION CHANGE #3: now BACKWARD (driven 41.1 m)
00:59:07 TURN 10 LEFT started (driven 41.3 m) - camera LOST
00:59:12 TURN 10 LEFT ended after 3.6 s: blend +47.6 deg, robot +47.3 deg, camera +64.9 deg (camera lost 10% of it); blend - robot +0.3 deg
00:59:13 TURN 11 LEFT started (driven 41.3 m)
00:59:17 TURN 11 LEFT ended after 3.3 s: blend +25.5 deg, robot +25.3 deg, camera +26.7 deg (camera lost 0% of it); blend - robot +0.2 deg
00:59:20 DIRECTION CHANGE #4: now FORWARD (driven 41.3 m)
01:00:18 TURN 12 LEFT started (driven 50.8 m)
01:00:25 TURN 12 LEFT ended after 6.1 s: blend +81.3 deg, robot +81.7 deg, camera +83.5 deg (camera lost 0% of it); blend - robot -0.4 deg
01:01:47 TURN 13 LEFT started (driven 65.5 m) - camera LOST
01:01:53 TURN 13 LEFT ended after 5.2 s: blend +76.6 deg, robot +76.2 deg, camera +83.7 deg (camera lost 1% of it); blend - robot +0.4 deg
01:02:44 TURN 14 LEFT started (driven 73.2 m)
01:02:48 TURN 14 LEFT ended after 3.2 s: blend +83.7 deg, robot +83.2 deg, camera +58.3 deg (camera lost 48% of it); blend - robot +0.5 deg
01:02:51 TURN 15 LEFT started (driven 73.3 m) - camera LOST
01:02:58 TURN 15 LEFT ended after 6.2 s: blend +84.4 deg, robot +84.6 deg, camera +104.9 deg (camera lost 25% of it); blend - robot -0.2 deg
01:04:25 TURN 16 RIGHT started (driven 89.9 m)
01:04:29 TURN 16 RIGHT ended after 2.9 s: blend -21.2 deg, robot -20.5 deg, camera -25.4 deg (camera lost 0% of it); blend - robot -0.7 deg
01:04:30 TURN 17 RIGHT started (driven 89.9 m)
01:04:48 TURN 17 RIGHT ended after 17.0 s: blend -146.0 deg, robot -146.0 deg, camera -143.2 deg (camera lost 10% of it); blend - robot +0.0 deg
01:05:21 TURN 18 LEFT started (driven 97.4 m)
01:05:29 TURN 18 LEFT ended after 7.0 s: blend +76.5 deg, robot +76.0 deg, camera +77.9 deg (camera lost 0% of it); blend - robot +0.5 deg
01:05:40 TURN 19 LEFT started (driven 99.7 m)
01:05:42 TURN 19 LEFT ended after 0.7 s: blend +0.6 deg, robot +0.8 deg, camera +2.8 deg (camera lost 0% of it); blend - robot -0.2 deg
01:06:26 TURN 20 RIGHT started (driven 112.3 m)
01:06:30 TURN 20 RIGHT ended after 3.1 s: blend -53.7 deg, robot -54.0 deg, camera -56.4 deg (camera lost 0% of it); blend - robot +0.4 deg
01:06:32 TURN 21 RIGHT started (driven 112.8 m)
01:06:35 TURN 21 RIGHT ended after 2.7 s: blend -25.2 deg, robot -25.3 deg, camera -27.6 deg (camera lost 0% of it); blend - robot +0.1 deg
01:07:50 DIRECTION CHANGE #5: now BACKWARD (driven 122.8 m)
01:08:31 TURN 22 LEFT started (driven 130.7 m)
01:08:32 TURN 22 LEFT ended after 0.3 s: blend +1.9 deg, robot +1.8 deg, camera +4.9 deg (camera lost 0% of it); blend - robot +0.1 deg
01:08:47 TURN 23 RIGHT started (driven 133.5 m)
01:08:55 TURN 23 RIGHT ended after 7.1 s: blend -90.9 deg, robot -90.4 deg, camera -91.5 deg (camera lost 10% of it); blend - robot -0.5 deg
01:08:58 DIRECTION CHANGE #6: now FORWARD (driven 133.5 m)
01:09:42 TURN 24 LEFT started (driven 148.9 m) - camera LOST
01:09:48 TURN 24 LEFT ended after 4.8 s: blend +72.8 deg, robot +72.3 deg, camera +76.4 deg (camera lost 12% of it); blend - robot +0.5 deg
01:10:34 TURN 25 LEFT started (driven 158.7 m)
01:10:35 DIRECTION CHANGE #7: now BACKWARD (driven 158.8 m)
01:10:45 TURN 25 LEFT ended after 10.4 s: blend +174.0 deg, robot +173.2 deg, camera +175.7 deg (camera lost 29% of it); blend - robot +0.8 deg
01:10:52 DIRECTION CHANGE #8: now FORWARD (driven 159.3 m)
01:12:04 TURN 26 RIGHT started (driven 177.2 m)
01:12:14 TURN 26 RIGHT ended after 8.8 s: blend -76.4 deg, robot -76.2 deg, camera -77.6 deg (camera lost 0% of it); blend - robot -0.3 deg
01:12:18 TURN 27 RIGHT started (driven 177.3 m)
01:12:28 TURN 27 RIGHT ended after 8.6 s: blend -82.7 deg, robot -83.1 deg, camera - deg (camera lost 100% of it); blend - robot +0.4 deg
01:13:07 TURN 28 LEFT started (driven 185.6 m)
01:13:11 TURN 28 LEFT ended after 2.9 s: blend +73.9 deg, robot +72.6 deg, camera +77.1 deg (camera lost 0% of it); blend - robot +1.3 deg
01:13:20 TURN 29 LEFT started (driven 187.0 m)
01:13:26 TURN 29 LEFT ended after 4.8 s: blend +1.6 deg, robot +1.5 deg, camera +2.7 deg (camera lost 0% of it); blend - robot +0.1 deg
01:13:59 TURN 30 RIGHT started (driven 201.4 m)
01:14:03 TURN 30 RIGHT ended after 3.4 s: blend -70.9 deg, robot -71.8 deg, camera -74.0 deg (camera lost 0% of it); blend - robot +0.9 deg
01:14:05 TURN 31 RIGHT started (driven 201.5 m)
01:14:06 TURN 31 RIGHT ended after 0.2 s: blend -0.4 deg, robot -0.3 deg, camera -2.0 deg (camera lost 0% of it); blend - robot -0.1 deg
01:14:08 TURN 32 RIGHT started (driven 201.5 m)
01:14:14 TURN 32 RIGHT ended after 5.0 s: blend -84.4 deg, robot -83.7 deg, camera -86.3 deg (camera lost 12% of it); blend - robot -0.7 deg
01:15:02 TURN 33 RIGHT started (driven 216.7 m) - camera LOST
01:15:08 TURN 33 RIGHT ended after 4.8 s: blend -80.2 deg, robot -80.0 deg, camera -84.7 deg (camera lost 37% of it); blend - robot -0.1 deg
01:15:42 TURN 34 LEFT started (driven 225.8 m)
01:15:54 TURN 34 LEFT ended after 10.7 s: blend +173.5 deg, robot +173.2 deg, camera +168.1 deg (camera lost 7% of it); blend - robot +0.2 deg
01:20:56 WATCH END (end of fusion.bag): 34 turns, 8 direction changes, 225.9 m by the wheels
