EVENT 1790545021558729377 START nav_cmd_sender 2026-09-27b run s2_nav_02 robot <robot-usb-address>:8112 limits 0.30 m/s 0.40 rad/s
EVENT 1790545021560222620 GATE SHUT: pause file
EVENT 1790545021567461342 CONNECTED <robot-usb-address> receiver nav_cmd_recv 2026-09-27a limits [0.3, 0.4] button 7
EVENT 1790545021733956237 ROBOT: Jetson: pause file
EVENT 1790545193409932891 GATE SHUT: planner idle
EVENT 1790545193783188517 ROBOT: Jetson: planner idle
EVENT 1790545194227162566 NEW GOAL: waiting for its first route (leash 1.0 m)
EVENT 1790545194264410226 GATE OPEN
EVENT 1790545194283472288 ROBOT: moving
EVENT 1790545203683151622 ROBOT: deadman button released
EVENT 1790545250233077492 ROBOT: moving
EVENT 1790545289160838139 GATE SHUT: planner idle
EVENT 1790545289233128653 ROBOT: Jetson: planner idle
EVENT 1790545289360837162 GATE OPEN
EVENT 1790545289733333383 ROBOT: moving
EVENT 1790545302560529041 GATE SHUT: planner idle
EVENT 1790545302783282031 ROBOT: Jetson: planner idle
EVENT 1790545312273472710 NEW GOAL: waiting for its first route (leash 1.0 m)
EVENT 1790545312310774388 GATE OPEN
EVENT 1790545312833322485 ROBOT: moving
EVENT 1790545313883105257 ROBOT: deadman button released
EVENT 1790545314432920520 ROBOT: moving
EVENT 1790545381610679133 GATE SHUT: planner idle
EVENT 1790545381732953274 ROBOT: Jetson: planner idle
EVENT 1790545391360723292 NEW GOAL: waiting for its first route (leash 1.0 m)
EVENT 1790545391410839145 GATE OPEN
EVENT 1790545391733164311 ROBOT: moving
EVENT 1790545403860440502 GATE SHUT: off route (1.36 m from the route)
EVENT 1790545403933272547 ROBOT: Jetson: off route
EVENT 1790545485260004525 GATE SHUT: pause file
EVENT 1790545485432288805 ROBOT: Jetson: pause file
EVENT 1790545491010219561 GATE SHUT: off route (1.44 m from the route)
EVENT 1790545491282316682 ROBOT: Jetson: off route
EVENT 1790545491903355570 NEW GOAL: waiting for its first route (leash 1.0 m)
EVENT 1790545491910642721 GATE OPEN
EVENT 1790545492382682554 ROBOT: moving
EVENT 1790545516682532952 ROBOT: deadman button released
EVENT 1790545517182270001 ROBOT: moving
EVENT 1790545532410342579 GATE SHUT: planner idle
EVENT 1790545532482279000 ROBOT: Jetson: planner idle
EVENT 1790545542152694500 NEW GOAL: waiting for its first route (leash 1.0 m)
EVENT 1790545542160879717 GATE OPEN
EVENT 1790545542532523241 ROBOT: moving
EVENT 1790545580360334453 GATE SHUT: planner idle
EVENT 1790545580482498324 ROBOT: Jetson: planner idle
EVENT 1790545590096603054 NEW GOAL: waiting for its first route (leash 1.0 m)
EVENT 1790545590110897159 GATE OPEN
EVENT 1790545590482366120 ROBOT: moving
EVENT 1790545595610346565 GATE SHUT: off route (1.01 m from the route)
EVENT 1790545595682442894 ROBOT: Jetson: off route
EVENT 1790545625959969628 GATE SHUT: pause file
EVENT 1790545626182009382 ROBOT: Jetson: pause file
EVENT 1790545640610453900 GATE SHUT: off route (1.08 m from the route)
EVENT 1790545641031978469 ROBOT: Jetson: off route
EVENT 1790545641470196261 NEW GOAL: waiting for its first route (leash 1.0 m)
EVENT 1790545641510754370 GATE OPEN
EVENT 1790545641582040378 ROBOT: moving
EVENT 1790545661710310206 GATE SHUT: planner idle
EVENT 1790545661731985064 ROBOT: Jetson: planner idle
EVENT 1790545928064808620 GATE SHUT: pause file
EVENT 1790545928131704027 ROBOT: Jetson: pause file
EVENT 1790545932615163192 SHUTDOWN go 5885 stop 12336
EVENT 1790545932782008500 ROBOT: Jetson: shutdown
