  /media/administrator/USB Drive/slam_series2/s2_static_07/rtab_helios.db: 617 nodes, 0 loop closures
    PASS  corrected positions saved (Admin.opt_poses)    27158 bytes
    PASS  visual dictionary saved (Word table)           not expected in a LiDAR map
    PASS  neighbour links stored both ways               616 forward, 616 back (617 nodes in the saved graph)
  CLOSED PROPERLY - safe to power off.
{
  "source_database": "/media/administrator/USB Drive/slam_series2/s2_static_07/rtab_helios.db",
  "pose_kind": "corrected",
  "label": "LiDAR (Helios), s2_static_07",
  "loop_closures": 0,
  "tool": "tools/db/db_corrected_tum.py",
  "method": "Admin.opt_poses - RTAB-Map's own saved optimisation, full 3D",
  "exact": true,
  "poses": 617,
  "first_node": 1,
  "last_node": 799,
  "end_gap_corrected_m": 0.8226
}
  /odometry/filtered -> /media/administrator/USB Drive/slam_series2/s2_static_07/wheel.tum
  46159 poses, 923.2 s
{
  "database": "/media/administrator/USB Drive/slam_series2/s2_static_07/rtab_helios.db",
  "positions": "corrected",
  "positions_source": "corrected (after loop closures) - lidar.tum",
  "graph_nodes_corrected": 617,
  "nodes": 617,
  "nodes_with_grids": 617,
  "duration_s": 845.5,
  "path_m_nodes": 107.98,
  "closed_loop_gap_m": 0.158,
  "cells_solid": 53359,
  "cells_free": 0,
  "cell_size_m": 0.05,
  "map_width_m": 39.6,
  "map_height_m": 41.4
}
