17:27:41 WATCH START (replayed after the drive from fusion.bag by turns_replay.py)
17:29:45 TURN 1 LEFT started (driven 10.9 m)
17:29:59 TURN 1 LEFT ended after 13.8 s: blend +172.2 deg, robot +172.2 deg, camera +56.9 deg (camera lost 35% of it); blend - robot -0.1 deg
17:31:05 TURN 2 LEFT started (driven 21.7 m)
17:31:13 TURN 2 LEFT ended after 6.6 s: blend +82.3 deg, robot +82.1 deg, camera +83.8 deg (camera lost 0% of it); blend - robot +0.2 deg
17:32:28 DIRECTION CHANGE #1: now BACKWARD (driven 36.1 m)
17:32:36 DIRECTION CHANGE #2: now FORWARD (driven 36.3 m)
17:32:43 TURN 3 RIGHT started (driven 37.5 m)
17:32:52 TURN 3 RIGHT ended after 7.1 s: blend -86.7 deg, robot -86.1 deg, camera -87.2 deg (camera lost 20% of it); blend - robot -0.6 deg
17:32:59 TURN 4 RIGHT started (driven 38.1 m)
17:33:03 TURN 4 RIGHT ended after 3.2 s: blend -75.8 deg, robot -75.2 deg, camera -81.7 deg (camera lost 0% of it); blend - robot -0.6 deg
17:34:22 TURN 5 RIGHT started (driven 53.1 m)
17:34:32 TURN 5 RIGHT ended after 8.9 s: blend -52.4 deg, robot -52.3 deg, camera -55.0 deg (camera lost 0% of it); blend - robot -0.1 deg
17:34:42 TURN 6 RIGHT started (driven 54.6 m)
17:34:45 TURN 6 RIGHT ended after 2.1 s: blend -8.6 deg, robot -8.6 deg, camera -10.6 deg (camera lost 0% of it); blend - robot -0.0 deg
17:35:26 TURN 7 LEFT started (driven 61.3 m)
17:35:32 TURN 7 LEFT ended after 4.4 s: blend +20.6 deg, robot +21.0 deg, camera +28.8 deg (camera lost 0% of it); blend - robot -0.3 deg
17:35:37 TURN 8 RIGHT started (driven 62.4 m)
17:35:42 TURN 8 RIGHT ended after 4.6 s: blend -17.0 deg, robot -16.9 deg, camera -19.2 deg (camera lost 0% of it); blend - robot -0.0 deg
17:35:59 TURN 9 RIGHT started (driven 64.8 m)
17:36:24 TURN 9 RIGHT ended after 23.8 s: blend -171.0 deg, robot -170.3 deg, camera -159.6 deg (camera lost 9% of it); blend - robot -0.7 deg
17:37:27 TURN 10 LEFT started (driven 76.0 m)
17:37:33 TURN 10 LEFT ended after 5.4 s: blend +84.4 deg, robot +84.4 deg, camera +86.5 deg (camera lost 0% of it); blend - robot -0.0 deg
17:38:41 TURN 11 LEFT started (driven 91.1 m)
17:38:52 TURN 11 LEFT ended after 9.9 s: blend +168.6 deg, robot +168.5 deg, camera +175.8 deg (camera lost 0% of it); blend - robot +0.1 deg
17:39:51 TURN 12 RIGHT started (driven 106.1 m)
17:39:56 TURN 12 RIGHT ended after 4.2 s: blend -62.6 deg, robot -61.3 deg, camera -65.6 deg (camera lost 0% of it); blend - robot -1.3 deg
17:39:58 TURN 13 RIGHT started (driven 106.5 m)
17:40:00 TURN 13 RIGHT ended after 1.8 s: blend -20.9 deg, robot -21.0 deg, camera -23.3 deg (camera lost 0% of it); blend - robot +0.2 deg
17:40:02 DIRECTION CHANGE #3: now BACKWARD (driven 106.6 m)
17:41:12 WATCH END (end of fusion.bag): 13 turns, 3 direction changes, 107.5 m by the wheels
