  /media/administrator/USB Drive/slam_series2/s2_static_10/lidar_ref_f3dof/rtab_helios.db: 947 nodes, 76 loop closures
    PASS  corrected positions saved (Admin.opt_poses)    19973 bytes
    PASS  visual dictionary saved (Word table)           not expected in a LiDAR map
    PASS  neighbour links stored both ways               946 forward, 946 back (947 nodes in the saved graph)
  CLOSED PROPERLY - safe to power off.
{
  "source_database": "/media/administrator/USB Drive/slam_series2/s2_static_10/lidar_ref_f3dof/rtab_helios.db",
  "pose_kind": "corrected",
  "label": "LiDAR (Helios), s2_static_10",
  "loop_closures": 76,
  "tool": "tools/db/db_corrected_tum.py",
  "method": "Admin.opt_poses - RTAB-Map's own saved optimisation, full 3D",
  "exact": true,
  "poses": 947,
  "first_node": 1,
  "last_node": 1731,
  "end_gap_corrected_m": 0.0438
}
  /odometry/filtered -> /media/administrator/USB Drive/slam_series2/s2_static_10/lidar_ref_f3dof/wheel.tum
  92517 poses, 1850.3 s
{
  "database": "/media/administrator/USB Drive/slam_series2/s2_static_10/lidar_ref_f3dof/rtab_helios.db",
  "positions": "corrected",
  "positions_source": "corrected (after loop closures) - lidar.tum",
  "graph_nodes_corrected": 947,
  "nodes": 947,
  "nodes_with_grids": 947,
  "duration_s": 1769.1,
  "path_m_nodes": 263.31,
  "closed_loop_gap_m": 0.044,
  "cells_solid": 113919,
  "cells_free": 0,
  "cell_size_m": 0.05,
  "map_width_m": 52.0,
  "map_height_m": 56.2
}
